
node.exe : [1A[2K
[2m[WebServer] [2
2m [33m[1m??[22m
[39m "next start" d
oes not work with "
output: standalone"
 configuration. Use
 "node .next/standa
lone/server.js" ins
tead.
위치 C:\Program Files
\nodejs\npx.ps1:29 
문자:3
+   & $NODE_EXE $NP
X_CLI_JS $args
+   ~~~~~~~~~~~~~~~
~~~~~~~~~~~~~~
    + CategoryInfo 
             : No  
  tSpecified: (   
 [1A[2K[2m[We    
...er.js" inst    e
ad.:String) [    ],
 RemoteExcep    tio
n
    + FullyQualifi 
   edErrorId : Na  
  tiveCommandErr   
 or
 

Running 4 tests using 1 worker

[1A[2K[1/4] [chromium] ??e2e\tasks.spec.ts:29:7 ??Task Lifecycle ??should create a new task
[1A[2K[2/4] [chromium] ??e2e\tasks.spec.ts:47:8 ??Task Lifecycle ??should move task between columns (drag and drop)
[1A[2K[3/4] [chromium] ??e2e\tasks.spec.ts:71:7 ??Task Lifecycle ??should edit task details
[1A[2K[chromium] ??e2e\tasks.spec.ts:71:7 ??Task Lifecycle ??should edit task details
PAGE LOG: Failed to load resource: the server responded with a status of 400 (Bad Request)

[1A[2K[4/4] [chromium] ??e2e\tasks.spec.ts:71:7 ??Task Lifecycle ??should edit task details (retry #1)
[1A[2KPAGE LOG: Failed to load resource: the server responded with a status of 400 (Bad Request)

[1A[2K  1) [chromium] ??e2e\tasks.spec.ts:71:7 ??Task Lifecycle ??should edit task details ???????????????

    Error: [2mexpect([22m[31mlocator[39m[2m).not.[22mtoBeVisible[2m([22m[2m)[22m failed

    Locator:  getByRole('dialog')
    Expected: not visible
    Received: visible
    Timeout:  5000ms

    Call log:
    [2m  - Expect "not toBeVisible" with timeout 5000ms[22m
    [2m  - waiting for getByRole('dialog')[22m
    [2m    9 횞 locator resolved to <div role="dialog" tabindex="-1" id="radix-:r3r:" data-state="open" aria-labelledby=":r25:" aria-describedby="radix-:r3t:" class="fixed left-[50%] top-[50%] z-50 grid w-full max-w-lg translate-x-[-50%] translate-y-[-50%] gap-4 border bg-background p-6 shadow-lg duration-200 data-[state=open]:animate-in data-[state=closed]:animate-out data-[state=closed]:fade-out-0 data-[state=open]:fade-in-0 data-[state=closed]:zoom-out-95 data-[state=open]:zoom-in-95 data-[state=closed]:slide-out-to-left-1/2 data-????/div>[22m
    [2m      - unexpected value "visible"[22m


      90 |     const detailDialog = page.getByRole('dialog');
      91 |     await expect(detailDialog).toHaveAttribute('data-state', 'closed', { timeout: 5000 }).catch(async () => {
    > 92 |       await expect(detailDialog).not.toBeVisible({ timeout: 5000 });
         |                                      ^
      93 |     });
      94 |     
      95 |     // Updated title should be visible
        at C:\startup\dashboard\e2e\tasks.spec.ts:92:38
        at C:\startup\dashboard\e2e\tasks.spec.ts:91:5

    attachment #1: screenshot (image/png) ??????????????????????????????????????????????????????????
    test-results\tasks-Task-Lifecycle-should-edit-task-details-chromium\test-failed-1.png
    ????????????????????????????????????????????????????????????????????????????????????????????????

    Error Context: test-results\tasks-Task-Lifecycle-should-edit-task-details-chromium\error-context.md

    Retry #1 ???????????????????????????????????????????????????????????????????????????????????????

    TimeoutError: page.click: Timeout 15000ms exceeded.
    Call log:
    [2m  - waiting for locator('text=E2E Test Task')[22m


      72 |     page.on('console', msg => console.log('PAGE LOG:', msg.text()));
      73 |     // Click on task card to open detail dialog
    > 74 |     await page.click('text=E2E Test Task');
         |                ^
      75 |     
      76 |     // Dialog should open
      77 |     await expect(page.getByRole('dialog')).toBeVisible();
        at C:\startup\dashboard\e2e\tasks.spec.ts:74:16

    attachment #1: screenshot (image/png) ??????????????????????????????????????????????????????????
    test-results\tasks-Task-Lifecycle-should-edit-task-details-chromium-retry1\test-failed-1.png
    ????????????????????????????????????????????????????????????????????????????????????????????????

    Error Context: test-results\tasks-Task-Lifecycle-should-edit-task-details-chromium-retry1\error-context.md

    attachment #3: trace (application/zip) ?????????????????????????????????????????????????????????
    test-results\tasks-Task-Lifecycle-should-edit-task-details-chromium-retry1\trace.zip
    Usage:

        npx playwright show-trace test-results\tasks-Task-Lifecycle-should-edit-task-details-chromium-retry1\trace.zip

    ????????????????????????????????????????????????????????????????????????????????????????????????


[1A[2K[5/4] (retries) [chromium] ??e2e\tasks.spec.ts:99:7 ??Task Lifecycle ??should delete task
[1A[2K  1 failed
    [chromium] ??e2e\tasks.spec.ts:71:7 ??Task Lifecycle ??should edit task details ????????????????
  1 skipped
  2 passed (44.4s)

[36m  Serving HTML report at http://localhost:9323. Press Ctrl+C to quit.[39m
